// Jest Snapshot v1, https://goo.gl/fbAQLP

exports[`Check card structure with object required renders correctly 1`] = `
<div
  className="MuiPaper-root MuiCard-root sc-bdfBwQ hjsYJw MuiPaper-elevation1 MuiPaper-rounded"
>
  <div
    className="card-container"
  >
    <h1
      className="card-container-title"
    >
      miércoles 05 septiembre, 2959
    </h1>
    <h3
      className="card-container-temp"
    >
      -60
      °
    </h3>
  </div>
  <div
    className="card-others"
  >
    <span
      className="card-others-detail"
    >
      Temp. Min: 
      49
      °
    </span>
    <hr
      className="MuiDivider-root card-others-divider MuiDivider-middle MuiDivider-light"
    />
    <span
      className="card-others-detail"
    >
      Temp. Máx: 
      159
      °
    </span>
    <hr
      className="MuiDivider-root card-others-divider MuiDivider-middle MuiDivider-light"
    />
    <span
      className="card-others-detail"
    >
      Humedad: 
      19
      %
    </span>
  </div>
</div>
`;
